
> vrindavan-resto-cafe@0.1.0 build
> next build

node.exe : ΓÜá Warning: Next.js inferred your workspace root, but it may not be correct.
At line:1 char:1
+ & "C:\Program Files\nodejs/node.exe" "C:\Program Files\nodejs/node_mo ...
+ ~~~~~~~~~~~~~~~~~~~~~~~~~~~~~~~~~~~~~~~~~~~~~~~~~~~~~~~~~~~~~~~~~~~~~
    + CategoryInfo          : NotSpecified: (ΓÜá Warning: Ne...not be correct.:String) [], RemoteException
    + FullyQualifiedErrorId : NativeCommandError
 
 We detected multiple lockfiles and selected the directory of C:\Users\anush\package-lock.json as the root directory.
 To silence this warning, set `turbopack.root` in your Next.js config, or consider removing one of the lockfiles if 
it's not needed.
   See https://nextjs.org/docs/app/api-reference/config/next-config-js/turbopack#root-directory for more information.
 Detected additional lockfiles: 
   * C:\Users\anush\.gemini\antigravity\scratch\vrindavan-resto-cafe\package-lock.json

Γû▓ Next.js 16.2.6 (Turbopack)

  Creating an optimized production build ...

> Build error occurred
Error: Turbopack build failed with 6 errors:
./.gemini/antigravity/scratch/vrindavan-resto-cafe/src/components/ContactFooter.tsx:3:1
Export Facebook doesn't exist in target module
  [90m1 |[0m [32m"use client"[0m;
  [90m2 |[0m
[31m[1m>[0m [90m3 |[0m [36mimport[0m { [33mMapPin[0m, [33mPhone[0m, [33mMail[0m, [33mClock[0m, 
[33mInstagram[0m, [33mFacebook[0m, [33mTwitter[0m } [36mfrom[0m [32m"lucide-react"[0m;
  [90m  |[0m [31m[1m^^^^^^^^^^^^^^^^^^^^^^^^^^^^^^^^^^^^^^^^^^^^^^^^^^^^^^^^^^^^^^^^^^^^^^^^^^^^^^^^^^^^^^^^[0m
  [90m4 |[0m [36mimport[0m { motion } [36mfrom[0m [32m"framer-motion"[0m;
  [90m5 |[0m
  [90m6 |[0m [36mexport[0m [36mdefault[0m [36mfunction[0m [33mContactFooter[0m() {

The export Facebook was not found in module 
[project]/.gemini/antigravity/scratch/vrindavan-resto-cafe/node_modules/lucide-react/dist/esm/lucide-react.mjs 
[app-client] (ecmascript).
Did you mean to import Webhook?
All exports of the module are statically known (It doesn't have dynamic exports). So it's known statically that the 
requested export doesn't exist.

Import trace:
  Server Component:
    ./.gemini/antigravity/scratch/vrindavan-resto-cafe/src/components/ContactFooter.tsx
    ./.gemini/antigravity/scratch/vrindavan-resto-cafe/src/app/page.tsx


./.gemini/antigravity/scratch/vrindavan-resto-cafe/src/components/ContactFooter.tsx:3:1
Export Facebook doesn't exist in target module
  [90m1 |[0m [32m"use client"[0m;
  [90m2 |[0m
[31m[1m>[0m [90m3 |[0m [36mimport[0m { [33mMapPin[0m, [33mPhone[0m, [33mMail[0m, [33mClock[0m, 
[33mInstagram[0m, [33mFacebook[0m, [33mTwitter[0m } [36mfrom[0m [32m"lucide-react"[0m;
  [90m  |[0m [31m[1m^^^^^^^^^^^^^^^^^^^^^^^^^^^^^^^^^^^^^^^^^^^^^^^^^^^^^^^^^^^^^^^^^^^^^^^^^^^^^^^^^^^^^^^^[0m
  [90m4 |[0m [36mimport[0m { motion } [36mfrom[0m [32m"framer-motion"[0m;
  [90m5 |[0m
  [90m6 |[0m [36mexport[0m [36mdefault[0m [36mfunction[0m [33mContactFooter[0m() {

The export Facebook was not found in module 
[project]/.gemini/antigravity/scratch/vrindavan-resto-cafe/node_modules/lucide-react/dist/esm/lucide-react.mjs 
[app-ssr] (ecmascript).
Did you mean to import Webhook?
All exports of the module are statically known (It doesn't have dynamic exports). So it's known statically that the 
requested export doesn't exist.

Import trace:
  Server Component:
    ./.gemini/antigravity/scratch/vrindavan-resto-cafe/src/components/ContactFooter.tsx
    ./.gemini/antigravity/scratch/vrindavan-resto-cafe/src/app/page.tsx


./.gemini/antigravity/scratch/vrindavan-resto-cafe/src/components/ContactFooter.tsx:3:1
Export Instagram doesn't exist in target module
  [90m1 |[0m [32m"use client"[0m;
  [90m2 |[0m
[31m[1m>[0m [90m3 |[0m [36mimport[0m { [33mMapPin[0m, [33mPhone[0m, [33mMail[0m, [33mClock[0m, 
[33mInstagram[0m, [33mFacebook[0m, [33mTwitter[0m } [36mfrom[0m [32m"lucide-react"[0m;
  [90m  |[0m [31m[1m^^^^^^^^^^^^^^^^^^^^^^^^^^^^^^^^^^^^^^^^^^^^^^^^^^^^^^^^^^^^^^^^^^^^^^^^^^^^^^^^^^^^^^^^[0m
  [90m4 |[0m [36mimport[0m { motion } [36mfrom[0m [32m"framer-motion"[0m;
  [90m5 |[0m
  [90m6 |[0m [36mexport[0m [36mdefault[0m [36mfunction[0m [33mContactFooter[0m() {

The export Instagram was not found in module 
[project]/.gemini/antigravity/scratch/vrindavan-resto-cafe/node_modules/lucide-react/dist/esm/lucide-react.mjs 
[app-client] (ecmascript).
Did you mean to import Star?
All exports of the module are statically known (It doesn't have dynamic exports). So it's known statically that the 
requested export doesn't exist.

Import trace:
  Server Component:
    ./.gemini/antigravity/scratch/vrindavan-resto-cafe/src/components/ContactFooter.tsx
    ./.gemini/antigravity/scratch/vrindavan-resto-cafe/src/app/page.tsx


./.gemini/antigravity/scratch/vrindavan-resto-cafe/src/components/ContactFooter.tsx:3:1
Export Instagram doesn't exist in target module
  [90m1 |[0m [32m"use client"[0m;
  [90m2 |[0m
[31m[1m>[0m [90m3 |[0m [36mimport[0m { [33mMapPin[0m, [33mPhone[0m, [33mMail[0m, [33mClock[0m, 
[33mInstagram[0m, [33mFacebook[0m, [33mTwitter[0m } [36mfrom[0m [32m"lucide-react"[0m;
  [90m  |[0m [31m[1m^^^^^^^^^^^^^^^^^^^^^^^^^^^^^^^^^^^^^^^^^^^^^^^^^^^^^^^^^^^^^^^^^^^^^^^^^^^^^^^^^^^^^^^^[0m
  [90m4 |[0m [36mimport[0m { motion } [36mfrom[0m [32m"framer-motion"[0m;
  [90m5 |[0m
  [90m6 |[0m [36mexport[0m [36mdefault[0m [36mfunction[0m [33mContactFooter[0m() {

The export Instagram was not found in module 
[project]/.gemini/antigravity/scratch/vrindavan-resto-cafe/node_modules/lucide-react/dist/esm/lucide-react.mjs 
[app-ssr] (ecmascript).
Did you mean to import Star?
All exports of the module are statically known (It doesn't have dynamic exports). So it's known statically that the 
requested export doesn't exist.

Import trace:
  Server Component:
    ./.gemini/antigravity/scratch/vrindavan-resto-cafe/src/components/ContactFooter.tsx
    ./.gemini/antigravity/scratch/vrindavan-resto-cafe/src/app/page.tsx


./.gemini/antigravity/scratch/vrindavan-resto-cafe/src/components/ContactFooter.tsx:3:1
Export Twitter doesn't exist in target module
  [90m1 |[0m [32m"use client"[0m;
  [90m2 |[0m
[31m[1m>[0m [90m3 |[0m [36mimport[0m { [33mMapPin[0m, [33mPhone[0m, [33mMail[0m, [33mClock[0m, 
[33mInstagram[0m, [33mFacebook[0m, [33mTwitter[0m } [36mfrom[0m [32m"lucide-react"[0m;
  [90m  |[0m [31m[1m^^^^^^^^^^^^^^^^^^^^^^^^^^^^^^^^^^^^^^^^^^^^^^^^^^^^^^^^^^^^^^^^^^^^^^^^^^^^^^^^^^^^^^^^[0m
  [90m4 |[0m [36mimport[0m { motion } [36mfrom[0m [32m"framer-motion"[0m;
  [90m5 |[0m
  [90m6 |[0m [36mexport[0m [36mdefault[0m [36mfunction[0m [33mContactFooter[0m() {

The export Twitter was not found in module 
[project]/.gemini/antigravity/scratch/vrindavan-resto-cafe/node_modules/lucide-react/dist/esm/lucide-react.mjs 
[app-client] (ecmascript).
Did you mean to import Timer?
All exports of the module are statically known (It doesn't have dynamic exports). So it's known statically that the 
requested export doesn't exist.

Import trace:
  Server Component:
    ./.gemini/antigravity/scratch/vrindavan-resto-cafe/src/components/ContactFooter.tsx
    ./.gemini/antigravity/scratch/vrindavan-resto-cafe/src/app/page.tsx


./.gemini/antigravity/scratch/vrindavan-resto-cafe/src/components/ContactFooter.tsx:3:1
Export Twitter doesn't exist in target module
  [90m1 |[0m [32m"use client"[0m;
  [90m2 |[0m
[31m[1m>[0m [90m3 |[0m [36mimport[0m { [33mMapPin[0m, [33mPhone[0m, [33mMail[0m, [33mClock[0m, 
[33mInstagram[0m, [33mFacebook[0m, [33mTwitter[0m } [36mfrom[0m [32m"lucide-react"[0m;
  [90m  |[0m [31m[1m^^^^^^^^^^^^^^^^^^^^^^^^^^^^^^^^^^^^^^^^^^^^^^^^^^^^^^^^^^^^^^^^^^^^^^^^^^^^^^^^^^^^^^^^[0m
  [90m4 |[0m [36mimport[0m { motion } [36mfrom[0m [32m"framer-motion"[0m;
  [90m5 |[0m
  [90m6 |[0m [36mexport[0m [36mdefault[0m [36mfunction[0m [33mContactFooter[0m() {

The export Twitter was not found in module 
[project]/.gemini/antigravity/scratch/vrindavan-resto-cafe/node_modules/lucide-react/dist/esm/lucide-react.mjs 
[app-ssr] (ecmascript).
Did you mean to import Timer?
All exports of the module are statically known (It doesn't have dynamic exports). So it's known statically that the 
requested export doesn't exist.

Import trace:
  Server Component:
    ./.gemini/antigravity/scratch/vrindavan-resto-cafe/src/components/ContactFooter.tsx
    ./.gemini/antigravity/scratch/vrindavan-resto-cafe/src/app/page.tsx


    at <unknown> (./.gemini/antigravity/scratch/vrindavan-resto-cafe/src/components/ContactFooter.tsx:3:1)
    at <unknown> (./.gemini/antigravity/scratch/vrindavan-resto-cafe/src/components/ContactFooter.tsx:3:1)
    at <unknown> (./.gemini/antigravity/scratch/vrindavan-resto-cafe/src/components/ContactFooter.tsx:3:1)
    at <unknown> (./.gemini/antigravity/scratch/vrindavan-resto-cafe/src/components/ContactFooter.tsx:3:1)
    at <unknown> (./.gemini/antigravity/scratch/vrindavan-resto-cafe/src/components/ContactFooter.tsx:3:1)
    at <unknown> (./.gemini/antigravity/scratch/vrindavan-resto-cafe/src/components/ContactFooter.tsx:3:1)
